ubuntu@ip-10-5-145-97:~$ mysql -h udacity.cqp6b8fwhims.us-west-2.rds.amazonaws.com -P 3306 -u udacity_admin -p
Enter password: 
Welcome to the MySQL monitor.  Commands end with ; or \g.
Your MySQL connection id is 209
Server version: 8.0.28 Source distribution

Copyright (c) 2000, 2022, Oracle and/or its affiliates.

Oracle is a registered trademark of Oracle Corporation and/or its
affiliates. Other names may be trademarks of their respective
owners.

Type 'help;' or '\h' for help. Type '\c' to clear the current input statement.

mysql> SHOW DATABASES;
+--------------------+
| Database           |
+--------------------+
| information_schema |
| mysql              |
| performance_schema |
| sys                |
| udacity            |
+--------------------+
5 rows in set (0.01 sec)

mysql> USE udacity;
Reading table information for completion of table and column names
You can turn off this feature to get a quicker startup with -A

Database changed
mysql> SHOW TABLES;
+-------------------+
| Tables_in_udacity |
+-------------------+
| movies            |
+-------------------+
1 row in set (0.00 sec)

mysql> SELECT * FROM movies;
+--------------------+------------------------+
| title              | genre                  |
+--------------------+------------------------+
| Fred Kruger        | terror                 |
| Gone with the Wind | romance                |
| John Wick          | action                 |
| Joker              | psychological thriller |
| Star Wars          | fiction                |
+--------------------+------------------------+
5 rows in set (0.00 sec)

mysql> INSERT INTO movies VALUE ("Harry Potter", "fiction");
ERROR 1290 (HY000): The MySQL server is running with the --read-only option so it cannot execute this statement
mysql> 